EncodingName		"ManchuXeTeX Transliteration Moellendorf"
DescriptiveName		"ManchuXeTeX transliteration -> Möllendorf transliteration"
Version					"1"
Contact					"mailto:"
RegistrationAuthority	"Philipp Immel"
RegistrationName	"manchuxetex-trans-mdf"
Copyright				"(c)2015 Philipp Immel"
LHSFlags				()
RHSFlags				(ExpectsNFD GeneratesNFD) ; 

LHSName	"ManchuXeTeX-Transliteration-Moellendorf"
RHSName  "UNICODE"

Define apo U+0027 ; ' APOSTROPHE
Define typoapo U+2019 ; RIGHT SINGLE QUOTATION MARK
Define hyph U+002D ; - HYPHEN-MINUS

Define virgule U+002C ; , COMMA
Define fullstop U+002E ; . FULL STOP

Define a U+0061 ; a
Define b U+0062 ; b
Define c U+0063 ; c
Define d U+0064 ; d
Define e U+0065 ; e
Define f U+0066 ; f
Define g U+0067 ; g
Define gapo g apo ; g'
Define h U+0068 ; h
Define hapo h apo ; h'
Define i U+0069 ; i
Define j U+006A ; j
Define k U+006B ; k
Define kapo k apo ; k'
Define l U+006C ; l
Define m U+006D ; m
Define n U+006E ; n
Define ng U+006E U+0067 ; ng
Define o U+006F ; o
Define ocirc U+00F4 ; ô LATIN SMALL LETTER O WITH CIRCUMFLEX (precombined)
Define ocombcirc U+006F U+0302 ; ô LATIN SMALL LETTER O + COMBINING CIRCUMFLEX ACCENT
Define p U+0070 ; p
Define q U+0071 ; q
Define r U+0072 ; r
Define s U+0073 ; s
Define sacute U+015B ; ś
Define scaron U+0161 ; š LATIN SMALL LETTER S WITH CARON (precombined)
Define scombcaron U+0073 U+030C ; š LATIN SMALL LETTER S + COMBINING CARON
Define t U+0074 ; t
Define u U+0075 ; u
Define umacron U+016B ; ū LATIN SMALL LETTER U WITH MACRON (precombined)
Define ucombmacron U+0075 U+0304 ; ū LATIN SMALL LETTER U + COMBINING MACRON
Define v U+0076 ; v
Define w U+0077 ; w
Define x U+0078 ; x
Define y U+0079 ; y
Define z U+007A ; z
Define zacute U+017A ; ź
Define zcaron U+017E ; ž LATIN SMALL LETTER Z WITH CARON (precombined)
Define zcombcaron U+007A U+030C ; ž LATIN SMALL LETTER Z + COMBINING CARON

Define A U+0041 ; A
Define B U+0042 ; B
Define C U+0043 ; C
Define D U+0044 ; D
Define E U+0045 ; E
Define F U+0046 ; F
Define G U+0047 ; G
Define H U+0048 ; H
Define I U+0049 ; I
Define J U+004A ; J
Define K U+004B ; K
Define L U+004C ; L
Define M U+004D ; M
Define N U+004E ; N
Define O U+004F ; O
Define Ocirc U+00D4 ; Ô LATIN CAPITAL LETTER O WITH CIRCUMFLEX (precombined)
Define Ocombcirc U+004F U+0302 ; Ô LATIN CAPITAL LETTER O + COMBINING CIRCUMFLEX ACCENT
Define P U+0050 ; P
Define Q U+0051 ; Q
Define R U+0052 ; R
Define S U+0053 ; S
Define Sacute U+015A ; Ś
Define Scaron U+0160 ; Š LATIN CAPITAL LETTER S WITH CARON (precombined)
Define Scombcaron U+0053 U+030C ; š LATIN SMALL LETTER S + COMBINING CARON
Define T U+0054 ; T
Define U U+0055 ; U
Define Umacron U+016A ; Ū LATIN CAPITAL LETTER U WITH MACRON (precombined)
Define Ucombmacron U+0055 U+0304 ; Ū LATIN CAPITAL LETTER U + COMBINING MACRON
Define V U+0056 ; V
Define W U+0057 ; W
Define X U+0058 ; X
Define Y U+0059 ; Y
Define Z U+005A ; Z
Define Zacute U+0179 ; Ź
Define Zcaron U+017D ; Ž LATIN CAPITAL LETTER Z WITH CARON (precombined)
Define Zcombcaron U+005A U+030C ; ž LATIN SMALL LETTER Z + COMBINING CARON

Define zero U+0030 ; 0
Define one U+0031 ; 1
Define two U+0032 ; 2
Define three U+0033 ; 3
Define four U+0034 ; 4
Define five U+0035 ; 5
Define six U+0036 ; 6
Define seven U+0037 ; 7
Define eight U+0038 ; 8
Define nine U+0039 ; 9

pass(Unicode)

Class [VWL] = (a e i o u umacron ucombmacron A E I O U Umacron Ucombmacron) ;
Class [LTR] = (a..z scaron scombcaron umacron ucombmacron zcaron zcombcaron A..Z Scaron Scombcaron Umacron Ucombmacron Zcaron Zcombcaron)
Class [SIBEU] = (umacron ucombmacron U)
Class [SIBESHA] = (scaron scombcaron S)
Class [SIBERAA] = (zcaron zcombcaron Z)
Class [MONGOLKA] = (kapo K)
Class [SIBEGAA] = (gapo G)
Class [SIBEHAA] = (hapo H)
Class [PUNCT] = (virgule fullstop)
Class [Digits] = (zero..nine)


;TRANSCRIPTION
;VOWELS
a > a ;
e > e ;
i > i ;
o > o ;
u > u ;
[SIBEU] > umacron ;
[SIBEU] > ocirc ;
[SIBEU] > u u ;

; CONSONANTS
n > n ; MONGOLIAN_LETTER_NA ;
k > k ; MONGOLIAN_LETTER_MANCHU_KA ;
g > g ; MONGOLIAN_LETTER_SIBE_GA ;
h > h ; MONGOLIAN LETTER SIBE HA ;
b > b ; MONGOLIAN LETTER BA ;
p > p ; MONGOLIAN LETTER SIBE PA ;
s > s ; MONGOLIAN LETTER SA ;
t > t ; MONGOLIAN LETTER SIBE TA ;
d > d ; MONGOLIAN LETTER SIBE DA ;
l > l ; MONGOLIAN LETTER LA ;
m > m ; MONGOLIAN LETTER MA ;
c > c ; MONGOLIAN LETTER CHA ;
c > c h ; MONGOLIAN LETTER CHA ;
j > j ; MONGOLIAN LETTER JA ;
j > z h ; MONGOLIAN LETTER JA ;
y > y ; MONGOLIAN LETTER YA ;
r > r ; MONGOLIAN_LETTER_MANCHU_RA ;
f > f ; MONGOLIAN_LETTER_MANCHU_FA ;
w > w ; MONGOLIAN LETTER WA ;
ng > ng ; MONGOLIAN LETTER ANG ;
[SIBESHA] > scaron ; MONGOLIAN LETTER SIBE SHA ;
[SIBESHA] > sacute ; MONGOLIAN LETTER SIBE SHA ;
[SIBESHA] > s h ; MONGOLIAN LETTER SIBE SHA ;
; LETTERS FOR TRANSCRIBING CHINESE WORDS
; TRANSLITERATION SCHEME: NORMAN
[MONGOLKA] > k typoapo ; MONGOLIAN LETTER KA ; Before a, o.
[MONGOLKA] > k k ; MONGOLIAN LETTER KA ; Before a, o.
[SIBEGAA] > g typoapo ; MONGOLIAN LETTER SIBE GAA ; Before a, o.
[SIBEGAA] > g g ; MONGOLIAN LETTER SIBE GAA ; Before a, o.
[SIBEHAA] > h typoapo ; MONGOLIAN LETTER SIBE HAA ; Before a, o.
[SIBEHAA] > h h ; MONGOLIAN LETTER SIBE HAA ; Before a, o.
t s > t s typoapo ; MONGOLIAN LETTER SIBE TSA ; Before a, e, o, u.
t s i > t s i ; MONGOLIAN_LETTER_SIBE_TSA MONGOLIAN_LETTER_SIBE_IY; Before i.
d z > d z ; MONGOLIAN LETTER SIBE ZA ; Before a, e, o, u.
[SIBERAA] > zcaron ; MONGOLIAN LETTER SIBE RAA ; Before a, e, o, u.
j y > j y ; MONGOLIAN_LETTER_MANCHU_ZHA MONGOLIAN LETTER MANCHU I ; Before i.
c y > c typoapo y ; MONGOLIAN LETTER SIBE CHA MONGOLIAN LETTER MANCHU I ; Before i.
s y > s y ; MONGOLIAN_LETTER_SA MONGOLIAN_LETTER_SIBE_IY ; Before i.
t s > z typoapo ; MONGOLIAN LETTER SIBE TSA ; Before a, e, o, u.
d z > z ; MONGOLIAN LETTER SIBE ZA ; Before a, e, o, u.
[SIBERAA] > zacute ; MONGOLIAN LETTER SIBE RAA ; Before a, e, o, u.
j y > j typoapo i ; MONGOLIAN_LETTER_MANCHU_ZHA MONGOLIAN LETTER MANCHU I ; Before i.
c y > c typoapo i ; MONGOLIAN LETTER SIBE CHA MONGOLIAN LETTER MANCHU I ; Before i.
s y > s i; MONGOLIAN_LETTER_SA MONGOLIAN_LETTER_SIBE_IY ; Before i.
t s > c ; MONGOLIAN LETTER SIBE TSA ; Before a, e, o, u.
t s i > c y ; MONGOLIAN_LETTER_SIBE_TSA MONGOLIAN_LETTER_SIBE_IY; Before i.
d z > z ; MONGOLIAN LETTER SIBE ZA ; Before i.
d z i > z y ; MONGOLIAN LETTER SIBE ZA ; Before a, e, o, u.
[SIBERAA] > r ; MONGOLIAN LETTER SIBE RAA ; Before a, e, o, u.
j y > z h y ; MONGOLIAN_LETTER_MANCHU_ZHA MONGOLIAN LETTER MANCHU I ; Before i.
c y > c h y typoapo y ; MONGOLIAN LETTER SIBE CHA MONGOLIAN LETTER MANCHU I ; Before i.
s y > s y ; MONGOLIAN_LETTER_SA MONGOLIAN_LETTER_SIBE_IY ; Before i.

; NUMBERS
zero > zero ; MONGOLIAN DIGIT ZERO
one > one ; MONGOLIAN DIGIT ONE
two > two ; MONGOLIAN DIGIT TWO
three > three ; MONGOLIAN DIGIT THREE
four > four ; MONGOLIAN DIGIT FOUR
five > five ; MONGOLIAN DIGIT FIVE
six > six ; MONGOLIAN DIGIT SIX
seven > seven ; MONGOLIAN DIGIT SEVEN
eight > eight ; MONGOLIAN DIGIT EIGHT
nine > nine ; MONGOLIAN DIGIT NINE

; PUNCTUATION
virgule > virgule ; MONGOLIAN MANCHU COMMA
fullstop > fullstop ; MONGOLIAN MANCHU FULL STOP
